<html>
<body>
<pre>
<h1>µVision Build Log</h1>
<h2>Tool Versions:</h2>
IDE-Version: µVision V5.42.0.0
Copyright (C) 2025 ARM Ltd and ARM Germany GmbH. All rights reserved.
License Information: asd asd, asd, LIC=----
 
Tool Versions:
Toolchain:       MDK-Lite  Version: 5.42.0.0
Toolchain Path:  C:\Users\Stewart\AppData\Local\Keil_v5\ARM\ARM_Compiler_5.06u7\Bin
C Compiler:      Armcc.exe V5.06 update 7 (build 960)
Assembler:       Armasm.exe V5.06 update 7 (build 960)
Linker/Locator:  ArmLink.exe V5.06 update 7 (build 960)
Library Manager: ArmAr.exe V5.06 update 7 (build 960)
Hex Converter:   FromElf.exe V5.06 update 7 (build 960)
CPU DLL:         SARMCM3.DLL V5.42.0.0
Dialog DLL:      DCM.DLL V1.17.5.0
Target DLL:      STLink\ST-LINKIII-KEIL_SWO.dll V3.3.0.0
Dialog DLL:      TCM.DLL V1.56.6.0
 
<h2>Project:</h2>
C:\fire-collector-bot\proj1.uvprojx
Project File Date:  04/20/2025

<h2>Output:</h2>
*** Using Compiler 'V5.06 update 7 (build 960)', folder: 'C:\Users\Stewart\AppData\Local\Keil_v5\ARM\ARM_Compiler_5.06u7\Bin'
Build target 'Target 1'
compiling pid.c...
Hardware\pid.h(10): warning:  #1295-D: Deprecated declaration readGreyscale - give arg types
  void readGreyscale();
Hardware\pid.h(11): warning:  #1295-D: Deprecated declaration invertSensor - give arg types
  void invertSensor ();
Hardware\pid.h(12): warning:  #1295-D: Deprecated declaration PID - give arg types
  int PID();
Hardware\pid.h(13): warning:  #1295-D: Deprecated declaration FourLineCross - give arg types
  bool FourLineCross();
Hardware\pid.h(14): warning:  #1295-D: Deprecated declaration LinePositionStatus - give arg types
  int LinePositionStatus();
Hardware\pid.c(5): warning:  #940-D: missing return statement at end of non-void function "balance_UP" 
  int balance_UP(float Angle, float Mechanical_balance, float Gyro) {}
Hardware\pid.c(41): warning:  #550-D: variable "correction"  was set but never used
    int correction = 0;
Hardware\pid.c(96): warning:  #1-D: last line of file ends without a newline
  }
Hardware\pid.c: 8 warnings, 0 errors
compiling movement.c...
.\Hardware\pid.h(10): warning:  #1295-D: Deprecated declaration readGreyscale - give arg types
  void readGreyscale();
.\Hardware\pid.h(11): warning:  #1295-D: Deprecated declaration invertSensor - give arg types
  void invertSensor ();
.\Hardware\pid.h(12): warning:  #1295-D: Deprecated declaration PID - give arg types
  int PID();
.\Hardware\pid.h(13): warning:  #1295-D: Deprecated declaration FourLineCross - give arg types
  bool FourLineCross();
.\Hardware\pid.h(14): warning:  #1295-D: Deprecated declaration LinePositionStatus - give arg types
  int LinePositionStatus();
User\movement.h(11): warning:  #1295-D: Deprecated declaration stopMotor - give arg types
  void stopMotor();
User\movement.h(17): warning:  #1-D: last line of file ends without a newline
  void motorCCW(int rpm);
User\movement.c: 7 warnings, 0 errors
linking...
Program Size: Code=5160 RO-data=268 RW-data=32 ZI-data=1632  
FromELF: creating hex file...
".\Objects\proj1.axf" - 0 Error(s), 15 Warning(s).

<h2>Software Packages used:</h2>

Package Vendor: Keil
                https://www.keil.com/pack/Keil.STM32F1xx_DFP.2.4.1.pack
                Keil::STM32F1xx_DFP@2.4.1
                STMicroelectronics STM32F1 Series Device Support, Drivers and Examples

<h2>Collection of Component include folders:</h2>
  C:/Users/Stewart/AppData/Local/Arm/Packs/Keil/STM32F1xx_DFP/2.4.1/Device/Include

<h2>Collection of Component Files used:</h2>
Build Time Elapsed:  00:00:02
</pre>
</body>
</html>
